// Jest Snapshot v1, https://goo.gl/fbAQLP

exports[`matches snapshot 1`] = `
<footer
  className="sc-beqWaB jFsslu"
>
  <div>
    Copyright Â© 2023
  </div>
  <div
    style={
      Object {
        "marginBottom": "64px",
      }
    }
  >
    <button
      className="sc-gueYoa iLXJXD"
      onClick={[Function]}
    >
      Aceitar
    </button>
    <button
      className="sc-gueYoa iLXJXD"
      onClick={[Function]}
    >
      Declinar
    </button>
  </div>
</footer>
`;
